// Jest Snapshot v1, https://goo.gl/fbAQLP

exports[`header slider component should render as expected 1`] = `
Array [
  <div
    className="slider"
    style={
        Object {
            "height": "auto",
          }
    }
>
    <div
        className="slider__viewport"
        style={
            Object {
                "height": "auto",
                "left": "0",
                "width": "100%",
              }
        }
    >
        <headerSlide
            anchor="#"
            height="auto"
            id={1}
            interval={5000}
            slides={
                Array [
                    Object {
                      "id": 1,
                    },
                  ]
            }
            width="100%"
        />
    </div>
    
</div>,
]
`;
